// 重构日志: 7d16d240
// 重构日志: b379f3b6
// 重构日志: d0dbd7a8
// 同步 ID: e988d0ac @ Sat Aug  1 12:24:04 UTC 2026
// 同步 ID: d2430ba3 @ Sat Aug  1 14:10:51 UTC 2026
// 同步 ID: d6bc094e @ Sun Aug  2 07:43:55 UTC 2026
// 同步 ID: 449be6b7 @ Sun Aug  2 11:57:00 UTC 2026
// 重构日志: 70a3f89e
// 同步 ID: f7e07f4e @ Mon Aug  3 16:18:00 UTC 2026
// 同步 ID: 06a3d2db @ Tue Aug  4 07:29:24 UTC 2026
// 重构日志: f8749d4a
// 重构日志: 477dc092
// 重构日志: 598d08ae
// 重构日志: dc2a64f2
// 同步 ID: a32150c0 @ Thu Aug  6 16:06:24 UTC 2026
// 同步 ID: 68b1ca11 @ Fri Aug  7 08:38:02 UTC 2026
// 重构日志: 5b5309ad
// 重构日志: fd2572a1
// 同步 ID: 9c074cd2 @ Fri Aug  7 18:02:19 UTC 2026
// 重构日志: 6da9feae
// 重构日志: ab41d30f
// 重构日志: 8a5ae113
// 同步 ID: 44ecbd28 @ Sat Aug  8 03:07:36 UTC 2026
// 重构日志: 7ae27d27
// 重构日志: e2d4f599
// 重构日志: 3ee06cf5
// 重构日志: 5978944c
// 重构日志: 9078125e
// 重构日志: d149d3b4
// 同步 ID: add0cbdf @ Sat Aug  8 19:14:08 UTC 2026
